// Jest Snapshot v1, https://goo.gl/fbAQLP

exports[`Wizard: Addons matches snapshot 1`] = `
Object {
  "asFragment": [Function],
  "baseElement": <body>
    <div>
      <div
        class="mdc-layout-grid__cell--span-12"
      >
        <h3
          class="mdc-typography--headline3 material-wizard__title"
        >
          Install addons
        </h3>
        <div
          class="material-wizard__card mdc-layout-grid__inner mdc-layout-grid__cell--align-middle"
        >
          <div
            class="mdc-layout-grid__cell mdc-layout-grid__cell--span-4"
          >
            <img
              alt=""
              src="http://example.com/addon-material-theme.png"
            />
          </div>
          <div
            class="mdc-layout-grid__cell mdc-layout-grid__cell--span-8 mdc-layout-grid__cell--align-middle"
          >
            <h4
              class="mdc-typography--headline4"
            >
              Material Theme
            </h4>
            <p>
              This applies Material Design principles and Material Theming to your site, so you can customize its style.
            </p>
          </div>
        </div>
        <hr />
        <div
          class="material-wizard__card mdc-layout-grid__inner mdc-layout-grid__cell--align-middle"
        >
          <div
            class="mdc-layout-grid__cell mdc-layout-grid__cell--span-4"
          >
            <img
              alt=""
              src="http://example.com/addon-quick-start-examples.png"
            />
          </div>
          <div
            class="mdc-layout-grid__cell mdc-layout-grid__cell--span-8 mdc-layout-grid__cell--align-middle"
          >
            <h4
              class="mdc-typography--headline4"
            >
              Quick Start Examples
            </h4>
            <p>
              Contains a number of page examples for home, about, a projects page, blog, and a contact page. These layouts show different ways you can use Material Components to address common user needs.
            </p>
          </div>
        </div>
      </div>
    </div>
  </body>,
  "container": <div>
    <div
      class="mdc-layout-grid__cell--span-12"
    >
      <h3
        class="mdc-typography--headline3 material-wizard__title"
      >
        Install addons
      </h3>
      <div
        class="material-wizard__card mdc-layout-grid__inner mdc-layout-grid__cell--align-middle"
      >
        <div
          class="mdc-layout-grid__cell mdc-layout-grid__cell--span-4"
        >
          <img
            alt=""
            src="http://example.com/addon-material-theme.png"
          />
        </div>
        <div
          class="mdc-layout-grid__cell mdc-layout-grid__cell--span-8 mdc-layout-grid__cell--align-middle"
        >
          <h4
            class="mdc-typography--headline4"
          >
            Material Theme
          </h4>
          <p>
            This applies Material Design principles and Material Theming to your site, so you can customize its style.
          </p>
        </div>
      </div>
      <hr />
      <div
        class="material-wizard__card mdc-layout-grid__inner mdc-layout-grid__cell--align-middle"
      >
        <div
          class="mdc-layout-grid__cell mdc-layout-grid__cell--span-4"
        >
          <img
            alt=""
            src="http://example.com/addon-quick-start-examples.png"
          />
        </div>
        <div
          class="mdc-layout-grid__cell mdc-layout-grid__cell--span-8 mdc-layout-grid__cell--align-middle"
        >
          <h4
            class="mdc-typography--headline4"
          >
            Quick Start Examples
          </h4>
          <p>
            Contains a number of page examples for home, about, a projects page, blog, and a contact page. These layouts show different ways you can use Material Components to address common user needs.
          </p>
        </div>
      </div>
    </div>
  </div>,
  "debug": [Function],
  "findAllByAltText": [Function],
  "findAllByDisplayValue": [Function],
  "findAllByLabelText": [Function],
  "findAllByPlaceholderText": [Function],
  "findAllByRole": [Function],
  "findAllByTestId": [Function],
  "findAllByText": [Function],
  "findAllByTitle": [Function],
  "findByAltText": [Function],
  "findByDisplayValue": [Function],
  "findByLabelText": [Function],
  "findByPlaceholderText": [Function],
  "findByRole": [Function],
  "findByTestId": [Function],
  "findByText": [Function],
  "findByTitle": [Function],
  "getAllByAltText": [Function],
  "getAllByDisplayValue": [Function],
  "getAllByLabelText": [Function],
  "getAllByPlaceholderText": [Function],
  "getAllByRole": [Function],
  "getAllByTestId": [Function],
  "getAllByText": [Function],
  "getAllByTitle": [Function],
  "getByAltText": [Function],
  "getByDisplayValue": [Function],
  "getByLabelText": [Function],
  "getByPlaceholderText": [Function],
  "getByRole": [Function],
  "getByTestId": [Function],
  "getByText": [Function],
  "getByTitle": [Function],
  "queryAllByAltText": [Function],
  "queryAllByDisplayValue": [Function],
  "queryAllByLabelText": [Function],
  "queryAllByPlaceholderText": [Function],
  "queryAllByRole": [Function],
  "queryAllByTestId": [Function],
  "queryAllByText": [Function],
  "queryAllByTitle": [Function],
  "queryByAltText": [Function],
  "queryByDisplayValue": [Function],
  "queryByLabelText": [Function],
  "queryByPlaceholderText": [Function],
  "queryByRole": [Function],
  "queryByTestId": [Function],
  "queryByText": [Function],
  "queryByTitle": [Function],
  "rerender": [Function],
  "unmount": [Function],
}
`;
