// Jest Snapshot v1, https://goo.gl/fbAQLP

exports[`GSM: Layout matches snapshot 1`] = `
Object {
  "asFragment": [Function],
  "baseElement": <body>
    <div>
      <h2
        class="material-gsm__content-title mdc-typography--headline6"
      >
        Posts Settings
      </h2>
      <p
        class="material-gsm__content-description"
      >
        Select how posts display on your site using cards or image lists in a wide or normal width layout. Card display options include raised or outlined cards, show or hide post comments, author, excerpt, and date.
      </p>
      <p
        class="material-gsm__content-description"
      >
        Choose how your comment fields display within each post, options include outlines of filled text fields.
      </p>
      <h2
        class="material-gsm__content-title mdc-typography--headline6"
      >
        Site Navigation (Top app bar)
      </h2>
      <p
        class="material-gsm__content-description"
      >
        Choose tabs, navigation drawer, or both for your site navigation. Give users the ability to search your site on every page directly from within the top app bar. By default the top app bar will hide when scrolling up, choose “Fixed” to keep the app bar in place above all content.
      </p>
      <h2
        class="material-gsm__content-title mdc-typography--headline6"
      >
        Site Navigation (Footer)
      </h2>
      <p
        class="material-gsm__content-description"
      >
        Add footer text and give your users a quick way to jump back to the top. Looking to add widgets? Add widgets to the bottom of your site in Widgets settings.
      </p>
      <div
        class="material-gsm__content-actions"
      >
        <button
          class="mdc-button mdc-button--raised"
        >
          <span
            class="mdc-button__label"
          >
            Customize
          </span>
          <i
            aria-hidden="true"
            class="material-icons mdc-button__icon trailing-icon"
          >
            navigate_next
          </i>
        </button>
      </div>
      <div
        style="height: 20px;"
      />
    </div>
  </body>,
  "container": <div>
    <h2
      class="material-gsm__content-title mdc-typography--headline6"
    >
      Posts Settings
    </h2>
    <p
      class="material-gsm__content-description"
    >
      Select how posts display on your site using cards or image lists in a wide or normal width layout. Card display options include raised or outlined cards, show or hide post comments, author, excerpt, and date.
    </p>
    <p
      class="material-gsm__content-description"
    >
      Choose how your comment fields display within each post, options include outlines of filled text fields.
    </p>
    <h2
      class="material-gsm__content-title mdc-typography--headline6"
    >
      Site Navigation (Top app bar)
    </h2>
    <p
      class="material-gsm__content-description"
    >
      Choose tabs, navigation drawer, or both for your site navigation. Give users the ability to search your site on every page directly from within the top app bar. By default the top app bar will hide when scrolling up, choose “Fixed” to keep the app bar in place above all content.
    </p>
    <h2
      class="material-gsm__content-title mdc-typography--headline6"
    >
      Site Navigation (Footer)
    </h2>
    <p
      class="material-gsm__content-description"
    >
      Add footer text and give your users a quick way to jump back to the top. Looking to add widgets? Add widgets to the bottom of your site in Widgets settings.
    </p>
    <div
      class="material-gsm__content-actions"
    >
      <button
        class="mdc-button mdc-button--raised"
      >
        <span
          class="mdc-button__label"
        >
          Customize
        </span>
        <i
          aria-hidden="true"
          class="material-icons mdc-button__icon trailing-icon"
        >
          navigate_next
        </i>
      </button>
    </div>
    <div
      style="height: 20px;"
    />
  </div>,
  "debug": [Function],
  "findAllByAltText": [Function],
  "findAllByDisplayValue": [Function],
  "findAllByLabelText": [Function],
  "findAllByPlaceholderText": [Function],
  "findAllByRole": [Function],
  "findAllByTestId": [Function],
  "findAllByText": [Function],
  "findAllByTitle": [Function],
  "findByAltText": [Function],
  "findByDisplayValue": [Function],
  "findByLabelText": [Function],
  "findByPlaceholderText": [Function],
  "findByRole": [Function],
  "findByTestId": [Function],
  "findByText": [Function],
  "findByTitle": [Function],
  "getAllByAltText": [Function],
  "getAllByDisplayValue": [Function],
  "getAllByLabelText": [Function],
  "getAllByPlaceholderText": [Function],
  "getAllByRole": [Function],
  "getAllByTestId": [Function],
  "getAllByText": [Function],
  "getAllByTitle": [Function],
  "getByAltText": [Function],
  "getByDisplayValue": [Function],
  "getByLabelText": [Function],
  "getByPlaceholderText": [Function],
  "getByRole": [Function],
  "getByTestId": [Function],
  "getByText": [Function],
  "getByTitle": [Function],
  "queryAllByAltText": [Function],
  "queryAllByDisplayValue": [Function],
  "queryAllByLabelText": [Function],
  "queryAllByPlaceholderText": [Function],
  "queryAllByRole": [Function],
  "queryAllByTestId": [Function],
  "queryAllByText": [Function],
  "queryAllByTitle": [Function],
  "queryByAltText": [Function],
  "queryByDisplayValue": [Function],
  "queryByLabelText": [Function],
  "queryByPlaceholderText": [Function],
  "queryByRole": [Function],
  "queryByTestId": [Function],
  "queryByText": [Function],
  "queryByTitle": [Function],
  "rerender": [Function],
  "unmount": [Function],
}
`;
