// Jest Snapshot v1, https://goo.gl/fbAQLP

exports[`GSM: Wizard matches snapshot 1`] = `
Object {
  "asFragment": [Function],
  "baseElement": <body>
    <div>
      <h2
        class="material-gsm__content-title mdc-typography--headline6"
      >
        Quick Start
      </h2>
      <p
        class="material-gsm__content-description"
      >
        Aenean egestas, ante vitae placerat tempor, felis ipsum finibus lectus, at eleifend neque tellus ac elit. Praesent cursus lectus felis, a ornare metus varius in.
      </p>
      <div
        class="material-gsm__content-actions"
      >
        <a
          class="mdc-button mdc-button--raised"
          href="http://example.com"
        >
          <span
            class="mdc-button__label"
          >
            Re-run Wizard
          </span>
          <i
            aria-hidden="true"
            class="material-icons mdc-button__icon trailing-icon"
          >
            navigate_next
          </i>
        </a>
      </div>
    </div>
  </body>,
  "container": <div>
    <h2
      class="material-gsm__content-title mdc-typography--headline6"
    >
      Quick Start
    </h2>
    <p
      class="material-gsm__content-description"
    >
      Aenean egestas, ante vitae placerat tempor, felis ipsum finibus lectus, at eleifend neque tellus ac elit. Praesent cursus lectus felis, a ornare metus varius in.
    </p>
    <div
      class="material-gsm__content-actions"
    >
      <a
        class="mdc-button mdc-button--raised"
        href="http://example.com"
      >
        <span
          class="mdc-button__label"
        >
          Re-run Wizard
        </span>
        <i
          aria-hidden="true"
          class="material-icons mdc-button__icon trailing-icon"
        >
          navigate_next
        </i>
      </a>
    </div>
  </div>,
  "debug": [Function],
  "findAllByAltText": [Function],
  "findAllByDisplayValue": [Function],
  "findAllByLabelText": [Function],
  "findAllByPlaceholderText": [Function],
  "findAllByRole": [Function],
  "findAllByTestId": [Function],
  "findAllByText": [Function],
  "findAllByTitle": [Function],
  "findByAltText": [Function],
  "findByDisplayValue": [Function],
  "findByLabelText": [Function],
  "findByPlaceholderText": [Function],
  "findByRole": [Function],
  "findByTestId": [Function],
  "findByText": [Function],
  "findByTitle": [Function],
  "getAllByAltText": [Function],
  "getAllByDisplayValue": [Function],
  "getAllByLabelText": [Function],
  "getAllByPlaceholderText": [Function],
  "getAllByRole": [Function],
  "getAllByTestId": [Function],
  "getAllByText": [Function],
  "getAllByTitle": [Function],
  "getByAltText": [Function],
  "getByDisplayValue": [Function],
  "getByLabelText": [Function],
  "getByPlaceholderText": [Function],
  "getByRole": [Function],
  "getByTestId": [Function],
  "getByText": [Function],
  "getByTitle": [Function],
  "queryAllByAltText": [Function],
  "queryAllByDisplayValue": [Function],
  "queryAllByLabelText": [Function],
  "queryAllByPlaceholderText": [Function],
  "queryAllByRole": [Function],
  "queryAllByTestId": [Function],
  "queryAllByText": [Function],
  "queryAllByTitle": [Function],
  "queryByAltText": [Function],
  "queryByDisplayValue": [Function],
  "queryByLabelText": [Function],
  "queryByPlaceholderText": [Function],
  "queryByRole": [Function],
  "queryByTestId": [Function],
  "queryByText": [Function],
  "queryByTitle": [Function],
  "rerender": [Function],
  "unmount": [Function],
}
`;
